%!Adobe-FontList 1.20
%Locale:0x409

%BeginFont
Handler:DirectoryHandler
FontType:TrueType
FontName:FbPractica-Bold
FamilyName:FbPractica
StyleName:Bold
MenuName:FbPractica Bold
StyleBits:2
WeightClass:700
WidthClass:5
AngleClass:0
FullName:FbPractica-Bold
FamilyNameNative:
StyleNameNative:Bold
FullNameNative:
WritingScript:Hebrew
OutlineFileName:/Users/studio1/Desktop/landing page 19.12/Document fonts/FbPractica-Bold.otf
DataFormat:sfntData
hasSVG:no
VariableFontType:NonVariableFont
FileLength:60652
FileModTime:296038714
NameArray:0,Mac,4,FbPractica Bold
NameArray:0,Win,1,FbPractica Bold
NameArray:0,Win,16,FbPractica
%EndFont

%BeginFont
Handler:DirectoryHandler
FontType:TrueType
FontName:Heebo-Light
FamilyName:Heebo
StyleName:Light
MenuName:Heebo Light
StyleBits:0
WeightClass:300
WidthClass:5
AngleClass:0
FullName:Heebo-Light
FamilyNameNative:
StyleNameNative:Light
FullNameNative:
WritingScript:Hebrew
OutlineFileName:/Users/studio1/Desktop/landing page 19.12/Document fonts/Heebo-Light.ttf
DataFormat:sfntData
hasSVG:no
VariableFontType:NonVariableFont
FileLength:80004
FileModTime:487634400
NameArray:0,Mac,4,Heebo Light
NameArray:0,Win,1,Heebo Light
NameArray:0,Win,16,Heebo
%EndFont

%BeginFont
Handler:DirectoryHandler
FontType:TrueType
FontName:Heebo-Medium
FamilyName:Heebo
StyleName:Medium
MenuName:Heebo Medium
StyleBits:0
WeightClass:500
WidthClass:5
AngleClass:0
FullName:Heebo-Medium
FamilyNameNative:
StyleNameNative:Medium
FullNameNative:
WritingScript:Hebrew
OutlineFileName:/Users/studio1/Desktop/landing page 19.12/Document fonts/Heebo-Medium.ttf
DataFormat:sfntData
hasSVG:no
VariableFontType:NonVariableFont
FileLength:80284
FileModTime:487634400
NameArray:0,Mac,4,Heebo Medium
NameArray:0,Win,1,Heebo Medium
NameArray:0,Win,16,Heebo
%EndFont

%BeginFont
Handler:DirectoryHandler
FontType:Type1
FontName:OEMeodedPashutCondencedPro-Light
FamilyName:OE Meoded Pashut Condenced Pro
StyleName:Light
MenuName:OE Meoded Pashut Condenced Pro Light
StyleBits:0
WeightClass:300
WidthClass:5
AngleClass:0
FullName:OE Meoded Pashut Condenced Pro Light
FamilyNameNative:
StyleNameNative:Light
FullNameNative:
WritingScript:Hebrew
OutlineFileName:/Users/studio1/Desktop/landing page 19.12/Document fonts/OEMeodedPashutCondencedPro-Light.otf
DataFormat:sfntData
UsesStandardEncoding:yes
isCFF:yes
hasSVG:no
VariableFontType:NonVariableFont
FileLength:20736
FileModTime:484040134
NameArray:0,Mac,4,OE Meoded Pashut Condenced Pro Light
NameArray:0,Win,1,OE Meoded Pashut Condenced Pro Light
NameArray:0,Win,16,OE Meoded Pashut Condenced Pro
%EndFont

%BeginFont
Handler:DirectoryHandler
FontType:TrueType
FontName:WinSoftPro-Medium
FamilyName:WinSoft Pro
StyleName:Medium
MenuName:WinSoft Pro
StyleBits:0
WeightClass:500
WidthClass:5
AngleClass:0
FullName:WinSoft Pro Medium
WritingScript:Roman
OutlineFileName:/Users/studio1/Desktop/landing page 19.12/Document fonts/WinSoftPro-Med.otf
DataFormat:sfntData
hasSVG:no
VariableFontType:NonVariableFont
FileLength:99228
FileModTime:484041518
NameArray:0,Mac,18,WinSoft Pro Medium
NameArray:0,Mac,4,WinSoft Pro Medium
NameArray:0,Win,1,WinSoft Pro
NameArray:0,Win,16,WinSoft Pro
%EndFont

